Archive member included to satisfy reference by file (symbol)

.\CortexM3\ARM_GCC_541\Debug\VOLTCANMASTER.a(UART_1.o)
                              .\CortexM3\ARM_GCC_541\Debug\main.o (UART_1_Start)
.\CortexM3\ARM_GCC_541\Debug\VOLTCANMASTER.a(AMux_1.o)
                              .\CortexM3\ARM_GCC_541\Debug\main.o (AMux_1_Start)
.\CortexM3\ARM_GCC_541\Debug\VOLTCANMASTER.a(ADC_DelSig_1.o)
                              .\CortexM3\ARM_GCC_541\Debug\main.o (ADC_DelSig_1_Start)
.\CortexM3\ARM_GCC_541\Debug\VOLTCANMASTER.a(ADC_DelSig_1_INT.o)
                              .\CortexM3\ARM_GCC_541\Debug\VOLTCANMASTER.a(ADC_DelSig_1.o) (ADC_DelSig_1_ISR1)
.\CortexM3\ARM_GCC_541\Debug\VOLTCANMASTER.a(CAN_1.o)
                              .\CortexM3\ARM_GCC_541\Debug\main.o (CAN_1_Start)
.\CortexM3\ARM_GCC_541\Debug\VOLTCANMASTER.a(CAN_1_INT.o)
                              .\CortexM3\ARM_GCC_541\Debug\VOLTCANMASTER.a(CAN_1.o) (CAN_1_ISR)
.\CortexM3\ARM_GCC_541\Debug\VOLTCANMASTER.a(CAN_1_TX_RX_func.o)
                              .\CortexM3\ARM_GCC_541\Debug\main.o (CAN_1_SendMsg0)
.\CortexM3\ARM_GCC_541\Debug\VOLTCANMASTER.a(UART_1_IntClock.o)
                              .\CortexM3\ARM_GCC_541\Debug\VOLTCANMASTER.a(UART_1.o) (UART_1_IntClock_Start)
.\CortexM3\ARM_GCC_541\Debug\VOLTCANMASTER.a(ADC_DelSig_1_AMux.o)
                              .\CortexM3\ARM_GCC_541\Debug\VOLTCANMASTER.a(ADC_DelSig_1.o) (ADC_DelSig_1_AMux_Select)
.\CortexM3\ARM_GCC_541\Debug\VOLTCANMASTER.a(ADC_DelSig_1_Ext_CP_Clk.o)
                              .\CortexM3\ARM_GCC_541\Debug\VOLTCANMASTER.a(ADC_DelSig_1.o) (ADC_DelSig_1_Ext_CP_Clk_SetModeRegister)
.\CortexM3\ARM_GCC_541\Debug\VOLTCANMASTER.a(ADC_DelSig_1_theACLK.o)
                              .\CortexM3\ARM_GCC_541\Debug\VOLTCANMASTER.a(ADC_DelSig_1.o) (ADC_DelSig_1_theACLK_SetModeRegister)
.\CortexM3\ARM_GCC_541\Debug\VOLTCANMASTER.a(CyLib.o)
                              .\CortexM3\ARM_GCC_541\Debug\Cm3Start.o (CyHalt)
.\CortexM3\ARM_GCC_541\Debug\VOLTCANMASTER.a(cyPm.o)
                              .\CortexM3\ARM_GCC_541\Debug\VOLTCANMASTER.a(CyLib.o) (CyPmReadStatus)
.\CortexM3\ARM_GCC_541\Debug\VOLTCANMASTER.a(CyBootAsmGnu.o)
                              .\CortexM3\ARM_GCC_541\Debug\cyfitter_cfg.o (CyDelayCycles)
.\CortexM3\ARM_GCC_541\Debug\VOLTCANMASTER.a(CyFlash.o)
                              .\CortexM3\ARM_GCC_541\Debug\VOLTCANMASTER.a(cyPm.o) (CyFlash_SetWaitCycles)
.\CortexM3\ARM_GCC_541\Debug\VOLTCANMASTER.a(CySpc.o)
                              .\CortexM3\ARM_GCC_541\Debug\VOLTCANMASTER.a(CyFlash.o) (CySpcStart)
c:/program files (x86)/cypress/psoc creator/4.4/psoc creator/import/gnu/arm/5.4.1/bin/../lib/gcc/arm-none-eabi/5.4.1/armv7-m\libgcc.a(_arm_addsubdf3.o)
                              .\CortexM3\ARM_GCC_541\Debug\VOLTCANMASTER.a(ADC_DelSig_1.o) (__aeabi_f2d)
c:/program files (x86)/cypress/psoc creator/4.4/psoc creator/import/gnu/arm/5.4.1/bin/../lib/gcc/arm-none-eabi/5.4.1/armv7-m\libgcc.a(_arm_cmpdf2.o)
                              .\CortexM3\ARM_GCC_541\Debug\VOLTCANMASTER.a(ADC_DelSig_1.o) (__aeabi_dcmpgt)
c:/program files (x86)/cypress/psoc creator/4.4/psoc creator/import/gnu/arm/5.4.1/bin/../lib/gcc/arm-none-eabi/5.4.1/armv7-m\libgcc.a(_arm_addsubsf3.o)
                              .\CortexM3\ARM_GCC_541\Debug\VOLTCANMASTER.a(ADC_DelSig_1.o) (__aeabi_ui2f)
c:/program files (x86)/cypress/psoc creator/4.4/psoc creator/import/gnu/arm/5.4.1/bin/../lib/gcc/arm-none-eabi/5.4.1/armv7-m\libgcc.a(_arm_muldivsf3.o)
                              .\CortexM3\ARM_GCC_541\Debug\VOLTCANMASTER.a(ADC_DelSig_1.o) (__aeabi_fmul)
c:/program files (x86)/cypress/psoc creator/4.4/psoc creator/import/gnu/arm/5.4.1/bin/../lib/gcc/arm-none-eabi/5.4.1/armv7-m\libgcc.a(_arm_fixunssfsi.o)
                              .\CortexM3\ARM_GCC_541\Debug\VOLTCANMASTER.a(ADC_DelSig_1.o) (__aeabi_f2uiz)
c:/program files (x86)/cypress/psoc creator/4.4/psoc creator/import/gnu/arm/5.4.1/bin/../lib/gcc/arm-none-eabi/5.4.1/../../../../arm-none-eabi/lib/armv7-m\libg_nano.a(lib_a-errno.o)
                              .\CortexM3\ARM_GCC_541\Debug\Cm3Start.o (__errno)
c:/program files (x86)/cypress/psoc creator/4.4/psoc creator/import/gnu/arm/5.4.1/bin/../lib/gcc/arm-none-eabi/5.4.1/../../../../arm-none-eabi/lib/armv7-m\libg_nano.a(lib_a-exit.o)
                              c:/program files (x86)/cypress/psoc creator/4.4/psoc creator/import/gnu/arm/5.4.1/bin/../lib/gcc/arm-none-eabi/5.4.1/../../../../arm-none-eabi/lib/armv7-m/crt0.o (exit)
c:/program files (x86)/cypress/psoc creator/4.4/psoc creator/import/gnu/arm/5.4.1/bin/../lib/gcc/arm-none-eabi/5.4.1/../../../../arm-none-eabi/lib/armv7-m\libg_nano.a(lib_a-impure.o)
                              c:/program files (x86)/cypress/psoc creator/4.4/psoc creator/import/gnu/arm/5.4.1/bin/../lib/gcc/arm-none-eabi/5.4.1/../../../../arm-none-eabi/lib/armv7-m\libg_nano.a(lib_a-exit.o) (_global_impure_ptr)
[...]
Memory Configuration

Name             Origin             Length             Attributes
rom              0x00000000         0x00040000         xr
ram              0x1fff8000         0x00010000         xrw
*default*        0x00000000         0xffffffff

Linker script and memory map

LOAD c:/program files (x86)/cypress/psoc creator/4.4/psoc creator/import/gnu/arm/5.4.1/bin/../lib/gcc/arm-none-eabi/5.4.1/armv7-m/crti.o
LOAD c:/program files (x86)/cypress/psoc creator/4.4/psoc creator/import/gnu/arm/5.4.1/bin/../lib/gcc/arm-none-eabi/5.4.1/armv7-m/crtbegin.o
LOAD c:/program files (x86)/cypress/psoc creator/4.4/psoc creator/import/gnu/arm/5.4.1/bin/../lib/gcc/arm-none-eabi/5.4.1/../../../../arm-none-eabi/lib/armv7-m/crt0.o
START GROUP
LOAD .\CortexM3\ARM_GCC_541\Debug\main.o
LOAD .\CortexM3\ARM_GCC_541\Debug\cyfitter_cfg.o
LOAD .\CortexM3\ARM_GCC_541\Debug\cymetadata.o
LOAD .\CortexM3\ARM_GCC_541\Debug\Cm3Start.o
LOAD .\CortexM3\ARM_GCC_541\Debug\VOLTCANMASTER.a
LOAD C:\Program Files (x86)\Cypress\PSoC Creator\4.4\PSoC Creator\psoc\content\cycomponentlibrary\CyComponentLibrary.cylib\CortexM3\ARM_GCC_541\Debug\CyComponentLibrary.a
END GROUP
START GROUP
LOAD c:/program files (x86)/cypress/psoc creator/4.4/psoc creator/import/gnu/arm/5.4.1/bin/../lib/gcc/arm-none-eabi/5.4.1/armv7-m\libgcc.a
LOAD c:/program files (x86)/cypress/psoc creator/4.4/psoc creator/import/gnu/arm/5.4.1/bin/../lib/gcc/arm-none-eabi/5.4.1/../../../../arm-none-eabi/lib/armv7-m\libg_nano.a
LOAD c:/program files (x86)/cypress/psoc creator/4.4/psoc creator/import/gnu/arm/5.4.1/bin/../lib/gcc/arm-none-eabi/5.4.1/../../../../arm-none-eabi/lib/armv7-m\libc_nano.a
END GROUP
START GROUP
LOAD c:/program files (x86)/cypress/psoc creator/4.4/psoc creator/import/gnu/arm/5.4.1/bin/../lib/gcc/arm-none-eabi/5.4.1/armv7-m\libgcc.a
LOAD c:/program files (x86)/cypress/psoc creator/4.4/psoc creator/import/gnu/arm/5.4.1/bin/../lib/gcc/arm-none-eabi/5.4.1/../../../../arm-none-eabi/lib/armv7-m\libc_nano.a
END GROUP
LOAD c:/program files (x86)/cypress/psoc creator/4.4/psoc creator/import/gnu/arm/5.4.1/bin/../lib/gcc/arm-none-eabi/5.4.1/armv7-m/crtend.o
LOAD c:/program files (x86)/cypress/psoc creator/4.4/psoc creator/import/gnu/arm/5.4.1/bin/../lib/gcc/arm-none-eabi/5.4.1/armv7-m/crtn.o
START GROUP
LOAD c:/program files (x86)/cypress/psoc creator/4.4/psoc creator/import/gnu/arm/5.4.1/bin/../lib/gcc/arm-none-eabi/5.4.1/armv7-m\libgcc.a
LOAD c:/program files (x86)/cypress/psoc creator/4.4/psoc creator/import/gnu/arm/5.4.1/bin/../lib/gcc/arm-none-eabi/5.4.1/../../../../arm-none-eabi/lib/armv7-m\libc.a
LOAD c:/program files (x86)/cypress/psoc creator/4.4/psoc creator/import/gnu/arm/5.4.1/bin/../lib/gcc/arm-none-eabi/5.4.1/../../../../arm-none-eabi/lib/armv7-m\libnosys.a
END GROUP
                0x00000000                CY_APPL_ORIGIN = 0x0
                0x00000100                CY_FLASH_ROW_SIZE = 0x100
                0x00000020                CY_ECC_ROW_SIZE = 0x20
                0x00000000                CY_EE_IN_BTLDR = 0x0
                0x00000000                CY_APPL_LOADABLE = 0x0
                0x00000800                CY_EE_SIZE = 0x800
                0x00000001                CY_APPL_NUM = 0x1
                0x00000001                CY_APPL_MAX = 0x1
                0x00000040                CY_METADATA_SIZE = 0x40
                0x00000000                CY_APPL_LOADABLE = 0x0
                0x00000000                CY_CHECKSUM_EXCLUDE_SIZE = ALIGN (0x0, CY_FLASH_ROW_SIZE)
                [!provide]                PROVIDE (__cy_heap_start, _end)
                0x00000001                PROVIDE (__cy_region_num, ((__cy_regions_end - __cy_regions) / 0x10))
                0x20008000                PROVIDE (__cy_stack, (ORIGIN (ram) + LENGTH (ram)))
                [!provide]                PROVIDE (__cy_heap_end, (__cy_stack - 0x800))

.cybootloader   0x00000000        0x0
 *(.cybootloader)
                0x00000000                appl1_start = CY_APPL_ORIGIN?CY_APPL_ORIGIN:ALIGN (CY_FLASH_ROW_SIZE)
                0x0001ff00                appl2_start = (appl1_start + ALIGN ((((LENGTH (rom) - appl1_start) - (0x2 * CY_FLASH_ROW_SIZE)) / 0x2), CY_FLASH_ROW_SIZE))
                0x00000000                appl_start = (CY_APPL_NUM == 0x1)?appl1_start:appl2_start
                0x00000000                ecc_offset = ((appl_start / CY_FLASH_ROW_SIZE) * CY_ECC_ROW_SIZE)
                0x00000000                ee_offset = (CY_APPL_LOADABLE && ! (CY_EE_IN_BTLDR))?((CY_EE_SIZE / CY_APPL_MAX) * (CY_APPL_NUM - 0x1)):0x0
                0x00000800                ee_size = (CY_APPL_LOADABLE && ! (CY_EE_IN_BTLDR))?(CY_EE_SIZE / CY_APPL_MAX):CY_EE_SIZE
                [!provide]                PROVIDE (CY_ECC_OFFSET, ecc_offset)

.text           0x00000000     0x1e88
 CREATE_OBJECT_SYMBOLS
                0x00000000                PROVIDE (__cy_interrupt_vector, RomVectors)
 *(.romvectors)
 .romvectors    0x00000000       0x10 .\CortexM3\ARM_GCC_541\Debug\Cm3Start.o
                0x00000000                RomVectors
                0x00000001                ASSERT ((. != __cy_interrupt_vector), No interrupt vector)
                0x00000001                ASSERT (CY_APPL_ORIGIN?(SIZEOF (.cybootloader) <= CY_APPL_ORIGIN):0x1, Wrong image location)
                0x00000010                PROVIDE (__cy_reset, Reset)
 *(.text.Reset)
 .text.Reset    0x00000010       0x18 .\CortexM3\ARM_GCC_541\Debug\Cm3Start.o
                0x00000010                Reset
                0x00000001                ASSERT ((. != __cy_reset), No reset code)
 *(.dma_init)
                0x00000001                ASSERT ((((appl_start + .) <= 0x10000) || 0x1), DMA Init must be within the first 64k of flash)
 *(.text .text.* .gnu.linkonce.t.*)
 .text          0x00000028       0x5c c:/program files (x86)/cypress/psoc creator/4.4/psoc creator/import/gnu/arm/5.4.1/bin/../lib/gcc/arm-none-eabi/5.4.1/armv7-m/crtbegin.o
 .text.max      0x00000084       0x20 .\CortexM3\ARM_GCC_541\Debug\main.o
                0x00000084                max
 .text.min      0x000000a4       0x20 .\CortexM3\ARM_GCC_541\Debug\main.o
                0x000000a4                min
 .text.avg      0x000000c4       0x28 .\CortexM3\ARM_GCC_541\Debug\main.o
                0x000000c4                avg
 .text.main     0x000000ec      0x1c4 .\CortexM3\ARM_GCC_541\Debug\main.o
                0x000000ec                main
 .text.CyClockStartupError
                0x000002b0        0x4 .\CortexM3\ARM_GCC_541\Debug\cyfitter_cfg.o
 .text.cfg_write_bytes32
                0x000002b4       0x34 .\CortexM3\ARM_GCC_541\Debug\cyfitter_cfg.o
 .text.AnalogSetDefault
                0x000002e8       0x28 .\CortexM3\ARM_GCC_541\Debug\cyfitter_cfg.o
 .text.CYMEMZERO
                0x00000310        0xc .\CortexM3\ARM_GCC_541\Debug\cyfitter_cfg.o
 .text.CYCONFIGCPY
                0x0000031c        0x8 .\CortexM3\ARM_GCC_541\Debug\cyfitter_cfg.o
 .text.ClockSetup
                0x00000324       0xec .\CortexM3\ARM_GCC_541\Debug\cyfitter_cfg.o
 .text.AMux_1_Set
                0x00000410       0x38 .\CortexM3\ARM_GCC_541\Debug\cyfitter_cfg.o
                0x00000410                AMux_1_Set
 .text.AMux_1_Unset
                0x00000448       0x3c .\CortexM3\ARM_GCC_541\Debug\cyfitter_cfg.o
                0x00000448                AMux_1_Unset
 .text.ADC_DelSig_1_AMux_Set
                0x00000484       0x20 .\CortexM3\ARM_GCC_541\Debug\cyfitter_cfg.o
                0x00000484                ADC_DelSig_1_AMux_Set
 .text.ADC_DelSig_1_AMux_Unset
                0x000004a4       0x20 .\CortexM3\ARM_GCC_541\Debug\cyfitter_cfg.o
                0x000004a4                ADC_DelSig_1_AMux_Unset
 .text.cyfitter_cfg
                0x000004c4      0x12c .\CortexM3\ARM_GCC_541\Debug\cyfitter_cfg.o
                0x000004c4                cyfitter_cfg
 .text.IntDefaultHandler
                0x000005f0       0x10 .\CortexM3\ARM_GCC_541\Debug\Cm3Start.o
                0x000005f0                IntDefaultHandler
 .text._sbrk    0x00000600       0x30 .\CortexM3\ARM_GCC_541\Debug\Cm3Start.o
                0x00000600                _sbrk
 .text.Start_c  0x00000630       0x4c .\CortexM3\ARM_GCC_541\Debug\Cm3Start.o
                0x00000630                Start_c
 .text.initialize_psoc
                0x0000067c       0x68 .\CortexM3\ARM_GCC_541\Debug\Cm3Start.o
                0x0000067c                initialize_psoc
 .text.UART_1_Init
                0x000006e4       0x24 .\CortexM3\ARM_GCC_541\Debug\VOLTCANMASTER.a(UART_1.o)
                0x000006e4                UART_1_Init
 .text.UART_1_Enable
                0x00000708       0x38 .\CortexM3\ARM_GCC_541\Debug\VOLTCANMASTER.a(UART_1.o)
                0x00000708                UART_1_Enable
 .text.UART_1_Start
                0x00000740       0x1c .\CortexM3\ARM_GCC_541\Debug\VOLTCANMASTER.a(UART_1.o)
                0x00000740                UART_1_Start
 .text.UART_1_PutChar
                0x0000075c       0x18 .\CortexM3\ARM_GCC_541\Debug\VOLTCANMASTER.a(UART_1.o)
                0x0000075c                UART_1_PutChar
 .text.UART_1_PutString
                0x00000774       0x24 .\CortexM3\ARM_GCC_541\Debug\VOLTCANMASTER.a(UART_1.o)
                0x00000774                UART_1_PutString
 .text.AMux_1_Start
                0x00000798       0x20 .\CortexM3\ARM_GCC_541\Debug\VOLTCANMASTER.a(AMux_1.o)
                0x00000798                AMux_1_Start
 .text.AMux_1_FastSelect
                0x000007b8       0x20 .\CortexM3\ARM_GCC_541\Debug\VOLTCANMASTER.a(AMux_1.o)
                0x000007b8                AMux_1_FastSelect
 .text.ADC_DelSig_1_GainCompensation
                0x000007d8       0xdc .\CortexM3\ARM_GCC_541\Debug\VOLTCANMASTER.a(ADC_DelSig_1.o)
 .text.ADC_DelSig_1_SetDSMRef0Reg
                0x000008b4       0x4c .\CortexM3\ARM_GCC_541\Debug\VOLTCANMASTER.a(ADC_DelSig_1.o)
 .text.ADC_DelSig_1_InitConfig
                0x00000900       0xec .\CortexM3\ARM_GCC_541\Debug\VOLTCANMASTER.a(ADC_DelSig_1.o)
 .text.ADC_DelSig_1_Init
                0x000009ec       0xc4 .\CortexM3\ARM_GCC_541\Debug\VOLTCANMASTER.a(ADC_DelSig_1.o)
                0x000009ec                ADC_DelSig_1_Init
 .text.ADC_DelSig_1_Enable
                0x00000ab0       0xd8 .\CortexM3\ARM_GCC_541\Debug\VOLTCANMASTER.a(ADC_DelSig_1.o)
                0x00000ab0                ADC_DelSig_1_Enable
 .text.ADC_DelSig_1_Start
                0x00000b88       0x28 .\CortexM3\ARM_GCC_541\Debug\VOLTCANMASTER.a(ADC_DelSig_1.o)
                0x00000b88                ADC_DelSig_1_Start
 .text.ADC_DelSig_1_StartConvert
                0x00000bb0       0x10 .\CortexM3\ARM_GCC_541\Debug\VOLTCANMASTER.a(ADC_DelSig_1.o)
                0x00000bb0                ADC_DelSig_1_StartConvert
 .text.ADC_DelSig_1_IsEndConversion
                0x00000bc0       0x30 .\CortexM3\ARM_GCC_541\Debug\VOLTCANMASTER.a(ADC_DelSig_1.o)
                0x00000bc0                ADC_DelSig_1_IsEndConversion
 .text.ADC_DelSig_1_GetResult16
                0x00000bf0       0x50 .\CortexM3\ARM_GCC_541\Debug\VOLTCANMASTER.a(ADC_DelSig_1.o)
                0x00000bf0                ADC_DelSig_1_GetResult16
 .text.ADC_DelSig_1_CountsTo_mVolts
                0x00000c40       0x24 .\CortexM3\ARM_GCC_541\Debug\VOLTCANMASTER.a(ADC_DelSig_1.o)
                0x00000c40                ADC_DelSig_1_CountsTo_mVolts
 .text.ADC_DelSig_1_ISR1
                0x00000c64        0x4 .\CortexM3\ARM_GCC_541\Debug\VOLTCANMASTER.a(ADC_DelSig_1_INT.o)
                0x00000c64                ADC_DelSig_1_ISR1
 .text.CAN_1_Stop
                0x00000c68       0x5c .\CortexM3\ARM_GCC_541\Debug\VOLTCANMASTER.a(CAN_1.o)
                0x00000c68                CAN_1_Stop
 .text.CAN_1_GlobalIntEnable
                0x00000cc4       0x20 .\CortexM3\ARM_GCC_541\Debug\VOLTCANMASTER.a(CAN_1.o)
                0x00000cc4                CAN_1_GlobalIntEnable
 .text.CAN_1_Enable
                0x00000ce4       0x6c .\CortexM3\ARM_GCC_541\Debug\VOLTCANMASTER.a(CAN_1.o)
                0x00000ce4                CAN_1_Enable
 .text.CAN_1_GlobalIntDisable
                0x00000d50       0x20 .\CortexM3\ARM_GCC_541\Debug\VOLTCANMASTER.a(CAN_1.o)
                0x00000d50                CAN_1_GlobalIntDisable
 .text.CAN_1_SetPreScaler
                0x00000d70       0x24 .\CortexM3\ARM_GCC_541\Debug\VOLTCANMASTER.a(CAN_1.o)
                0x00000d70                CAN_1_SetPreScaler
 .text.CAN_1_SetArbiter
                0x00000d94       0x3c .\CortexM3\ARM_GCC_541\Debug\VOLTCANMASTER.a(CAN_1.o)
                0x00000d94                CAN_1_SetArbiter
 .text.CAN_1_SetTsegSample
                0x00000dd0       0x84 .\CortexM3\ARM_GCC_541\Debug\VOLTCANMASTER.a(CAN_1.o)
                0x00000dd0                CAN_1_SetTsegSample
 .text.CAN_1_SetRestartType
                0x00000e54       0x3c .\CortexM3\ARM_GCC_541\Debug\VOLTCANMASTER.a(CAN_1.o)
                0x00000e54                CAN_1_SetRestartType
 .text.CAN_1_SetEdgeMode
                0x00000e90       0x3c .\CortexM3\ARM_GCC_541\Debug\VOLTCANMASTER.a(CAN_1.o)
                0x00000e90                CAN_1_SetEdgeMode
 .text.CAN_1_SetIrqMask
                0x00000ecc       0x18 .\CortexM3\ARM_GCC_541\Debug\VOLTCANMASTER.a(CAN_1.o)
                0x00000ecc                CAN_1_SetIrqMask
 .text.CAN_1_RxBufConfig
                0x00000ee4       0x90 .\CortexM3\ARM_GCC_541\Debug\VOLTCANMASTER.a(CAN_1.o)
                0x00000ee4                CAN_1_RxBufConfig
 .text.CAN_1_TxBufConfig
                0x00000f74       0x54 .\CortexM3\ARM_GCC_541\Debug\VOLTCANMASTER.a(CAN_1.o)
                0x00000f74                CAN_1_TxBufConfig
 .text.CAN_1_RxTxBuffersConfig
                0x00000fc8       0x50 .\CortexM3\ARM_GCC_541\Debug\VOLTCANMASTER.a(CAN_1.o)
                0x00000fc8                CAN_1_RxTxBuffersConfig
 .text.CAN_1_Init
                0x00001018       0xe0 .\CortexM3\ARM_GCC_541\Debug\VOLTCANMASTER.a(CAN_1.o)
                0x00001018                CAN_1_Init
 .text.CAN_1_Start
                0x000010f8       0x24 .\CortexM3\ARM_GCC_541\Debug\VOLTCANMASTER.a(CAN_1.o)
                0x000010f8                CAN_1_Start
 .text.CAN_1_BusOffIsr
                0x0000111c       0x18 .\CortexM3\ARM_GCC_541\Debug\VOLTCANMASTER.a(CAN_1_INT.o)
                0x0000111c                CAN_1_BusOffIsr
 .text.CAN_1_MsgRXIsr
                0x00001134       0x50 .\CortexM3\ARM_GCC_541\Debug\VOLTCANMASTER.a(CAN_1_INT.o)
                0x00001134                CAN_1_MsgRXIsr
 .text.CAN_1_ISR
                0x00001184       0x24 .\CortexM3\ARM_GCC_541\Debug\VOLTCANMASTER.a(CAN_1_INT.o)
                0x00001184                CAN_1_ISR
 .text.CAN_1_SendMsg0
                0x000011a8       0x3c .\CortexM3\ARM_GCC_541\Debug\VOLTCANMASTER.a(CAN_1_TX_RX_func.o)
                0x000011a8                CAN_1_SendMsg0
 .text.CAN_1_SendMsg1
                0x000011e4       0x64 .\CortexM3\ARM_GCC_541\Debug\VOLTCANMASTER.a(CAN_1_TX_RX_func.o)
                0x000011e4                CAN_1_SendMsg1
 .text.CAN_1_ReceiveMsg
                0x00001248       0x1c .\CortexM3\ARM_GCC_541\Debug\VOLTCANMASTER.a(CAN_1_TX_RX_func.o)
                0x00001248                CAN_1_ReceiveMsg
 .text.CAN_1_ReceiveMsg0
                0x00001264       0x3c .\CortexM3\ARM_GCC_541\Debug\VOLTCANMASTER.a(CAN_1_TX_RX_func.o)
                0x00001264                CAN_1_ReceiveMsg0
 .text.UART_1_IntClock_Start
                0x000012a0       0x1c .\CortexM3\ARM_GCC_541\Debug\VOLTCANMASTER.a(UART_1_IntClock.o)
                0x000012a0                UART_1_IntClock_Start
 .text.ADC_DelSig_1_AMux_Start
                0x000012bc       0x20 .\CortexM3\ARM_GCC_541\Debug\VOLTCANMASTER.a(ADC_DelSig_1_AMux.o)
                0x000012bc                ADC_DelSig_1_AMux_Start
 .text.ADC_DelSig_1_AMux_Select
                0x000012dc       0x18 .\CortexM3\ARM_GCC_541\Debug\VOLTCANMASTER.a(ADC_DelSig_1_AMux.o)
                0x000012dc                ADC_DelSig_1_AMux_Select
 .text.ADC_DelSig_1_Ext_CP_Clk_GetDividerRegister
                0x000012f4        0xc .\CortexM3\ARM_GCC_541\Debug\VOLTCANMASTER.a(ADC_DelSig_1_Ext_CP_Clk.o)
                0x000012f4                ADC_DelSig_1_Ext_CP_Clk_GetDividerRegister
 .text.ADC_DelSig_1_Ext_CP_Clk_SetModeRegister
                0x00001300       0x14 .\CortexM3\ARM_GCC_541\Debug\VOLTCANMASTER.a(ADC_DelSig_1_Ext_CP_Clk.o)
                0x00001300                ADC_DelSig_1_Ext_CP_Clk_SetModeRegister
 .text.ADC_DelSig_1_Ext_CP_Clk_GetSourceRegister
                0x00001314       0x10 .\CortexM3\ARM_GCC_541\Debug\VOLTCANMASTER.a(ADC_DelSig_1_Ext_CP_Clk.o)
                0x00001314                ADC_DelSig_1_Ext_CP_Clk_GetSourceRegister
 .text.ADC_DelSig_1_Ext_CP_Clk_SetDividerRegister
                0x00001324       0xd8 .\CortexM3\ARM_GCC_541\Debug\VOLTCANMASTER.a(ADC_DelSig_1_Ext_CP_Clk.o)
                0x00001324                ADC_DelSig_1_Ext_CP_Clk_SetDividerRegister
 .text.ADC_DelSig_1_theACLK_GetDividerRegister
                0x000013fc        0xc .\CortexM3\ARM_GCC_541\Debug\VOLTCANMASTER.a(ADC_DelSig_1_theACLK.o)
                0x000013fc                ADC_DelSig_1_theACLK_GetDividerRegister
 .text.ADC_DelSig_1_theACLK_SetModeRegister
                0x00001408       0x14 .\CortexM3\ARM_GCC_541\Debug\VOLTCANMASTER.a(ADC_DelSig_1_theACLK.o)
                0x00001408                ADC_DelSig_1_theACLK_SetModeRegister
 .text.ADC_DelSig_1_theACLK_GetSourceRegister
                0x0000141c       0x10 .\CortexM3\ARM_GCC_541\Debug\VOLTCANMASTER.a(ADC_DelSig_1_theACLK.o)
                0x0000141c                ADC_DelSig_1_theACLK_GetSourceRegister
 .text.ADC_DelSig_1_theACLK_SetDividerRegister
                0x0000142c       0xd8 .\CortexM3\ARM_GCC_541\Debug\VOLTCANMASTER.a(ADC_DelSig_1_theACLK.o)
                0x0000142c                ADC_DelSig_1_theACLK_SetDividerRegister
 .text.CyHalt   0x00001504        0x4 .\CortexM3\ARM_GCC_541\Debug\VOLTCANMASTER.a(CyLib.o)
                0x00001504                CyHalt
 .text.CyDelay  0x00001508       0x2c .\CortexM3\ARM_GCC_541\Debug\VOLTCANMASTER.a(CyLib.o)
                0x00001508                CyDelay
 .text.CyDelayUs
                0x00001534       0x14 .\CortexM3\ARM_GCC_541\Debug\VOLTCANMASTER.a(CyLib.o)
                0x00001534                CyDelayUs
 .text.CyIntSetVector
                0x00001548       0x28 .\CortexM3\ARM_GCC_541\Debug\VOLTCANMASTER.a(CyLib.o)
                0x00001548                CyIntSetVector
 .text.CyIntSetPriority
                0x00001570       0x30 .\CortexM3\ARM_GCC_541\Debug\VOLTCANMASTER.a(CyLib.o)
                0x00001570                CyIntSetPriority
 .text          0x000015a0       0x20 .\CortexM3\ARM_GCC_541\Debug\VOLTCANMASTER.a(CyBootAsmGnu.o)
                0x000015a0                CyDelayCycles
                0x000015b0                CyEnterCriticalSection
                0x000015b8                CyExitCriticalSection
 .text.__errno  0x000015c0        0xc c:/program files (x86)/cypress/psoc creator/4.4/psoc creator/import/gnu/arm/5.4.1/bin/../lib/gcc/arm-none-eabi/5.4.1/../../../../arm-none-eabi/lib/armv7-m\libg_nano.a(lib_a-errno.o)
                0x000015c0                __errno
 .text.__libc_init_array
                0x000015cc       0x4c c:/program files (x86)/cypress/psoc creator/4.4/psoc creator/import/gnu/arm/5.4.1/bin/../lib/gcc/arm-none-eabi/5.4.1/../../../../arm-none-eabi/lib/armv7-m\libg_nano.a(lib_a-init.o)
                0x000015cc                __libc_init_array
 .text.memcpy   0x00001618       0x16 c:/program files (x86)/cypress/psoc creator/4.4/psoc creator/import/gnu/arm/5.4.1/bin/../lib/gcc/arm-none-eabi/5.4.1/../../../../arm-none-eabi/lib/armv7-m\libg_nano.a(lib_a-memcpy-stub.o)
                0x00001618                memcpy
 .text.memset   0x0000162e       0x10 c:/program files (x86)/cypress/psoc creator/4.4/psoc creator/import/gnu/arm/5.4.1/bin/../lib/gcc/arm-none-eabi/5.4.1/../../../../arm-none-eabi/lib/armv7-m\libg_nano.a(lib_a-memset.o)
                0x0000162e                memset
 *fill*         0x0000163e        0x2 
 .text.sprintf  0x00001640       0x48 c:/program files (x86)/cypress/psoc creator/4.4/psoc creator/import/gnu/arm/5.4.1/bin/../lib/gcc/arm-none-eabi/5.4.1/../../../../arm-none-eabi/lib/armv7-m\libg_nano.a(lib_a-sprintf.o)
                0x00001640                siprintf
                0x00001640                sprintf
 .text.__ssputs_r
                0x00001688       0xb2 c:/program files (x86)/cypress/psoc creator/4.4/psoc creator/import/gnu/arm/5.4.1/bin/../lib/gcc/arm-none-eabi/5.4.1/../../../../arm-none-eabi/lib/armv7-m\libg_nano.a(lib_a-nano-svfprintf.o)
                0x00001688                __ssputs_r
 *fill*         0x0000173a        0x2 
 .text._svfprintf_r
                0x0000173c      0x1e8 c:/program files (x86)/cypress/psoc creator/4.4/psoc creator/import/gnu/arm/5.4.1/bin/../lib/gcc/arm-none-eabi/5.4.1/../../../../arm-none-eabi/lib/armv7-m\libg_nano.a(lib_a-nano-svfprintf.o)
                0x0000173c                _svfiprintf_r
                0x0000173c                _svfprintf_r
 .text._printf_common
                0x00001924       0xec c:/program files (x86)/cypress/psoc creator/4.4/psoc creator/import/gnu/arm/5.4.1/bin/../lib/gcc/arm-none-eabi/5.4.1/../../../../arm-none-eabi/lib/armv7-m\libg_nano.a(lib_a-nano-vfprintf_i.o)
                0x00001924                _printf_common
 .text._printf_i
                0x00001a10      0x24c c:/program files (x86)/cypress/psoc creator/4.4/psoc creator/import/gnu/arm/5.4.1/bin/../lib/gcc/arm-none-eabi/5.4.1/../../../../arm-none-eabi/lib/armv7-m\libg_nano.a(lib_a-nano-vfprintf_i.o)
                0x00001a10                _printf_i
 .text.memchr   0x00001c5c       0x1c c:/program files (x86)/cypress/psoc creator/4.4/psoc creator/import/gnu/arm/5.4.1/bin/../lib/gcc/arm-none-eabi/5.4.1/../../../../arm-none-eabi/lib/armv7-m\libg_nano.a(lib_a-memchr-stub.o)
                0x00001c5c                memchr
 .text.memmove  0x00001c78       0x36 c:/program files (x86)/cypress/psoc creator/4.4/psoc creator/import/gnu/arm/5.4.1/bin/../lib/gcc/arm-none-eabi/5.4.1/../../../../arm-none-eabi/lib/armv7-m\libg_nano.a(lib_a-memmove.o)
                0x00001c78                memmove
 *fill*         0x00001cae        0x2 
 .text._free_r  0x00001cb0       0x98 c:/program files (x86)/cypress/psoc creator/4.4/psoc creator/import/gnu/arm/5.4.1/bin/../lib/gcc/arm-none-eabi/5.4.1/../../../../arm-none-eabi/lib/armv7-m\libg_nano.a(lib_a-nano-freer.o)
                0x00001cb0                _free_r
 .text._malloc_r
                0x00001d48       0xbc c:/program files (x86)/cypress/psoc creator/4.4/psoc creator/import/gnu/arm/5.4.1/bin/../lib/gcc/arm-none-eabi/5.4.1/../../../../arm-none-eabi/lib/armv7-m\libg_nano.a(lib_a-nano-mallocr.o)
                0x00001d48                _malloc_r
 .text._realloc_r
                0x00001e04       0x4c c:/program files (x86)/cypress/psoc creator/4.4/psoc creator/import/gnu/arm/5.4.1/bin/../lib/gcc/arm-none-eabi/5.4.1/../../../../arm-none-eabi/lib/armv7-m\libg_nano.a(lib_a-nano-reallocr.o)
                0x00001e04                _realloc_r
 .text._sbrk_r  0x00001e50       0x20 c:/program files (x86)/cypress/psoc creator/4.4/psoc creator/import/gnu/arm/5.4.1/bin/../lib/gcc/arm-none-eabi/5.4.1/../../../../arm-none-eabi/lib/armv7-m\libg_nano.a(lib_a-sbrkr.o)
                0x00001e50                _sbrk_r
 .text.__malloc_lock
                0x00001e70        0x2 c:/program files (x86)/cypress/psoc creator/4.4/psoc creator/import/gnu/arm/5.4.1/bin/../lib/gcc/arm-none-eabi/5.4.1/../../../../arm-none-eabi/lib/armv7-m\libg_nano.a(lib_a-mlock.o)
                0x00001e70                __malloc_lock
 .text.__malloc_unlock
                0x00001e72        0x2 c:/program files (x86)/cypress/psoc creator/4.4/psoc creator/import/gnu/arm/5.4.1/bin/../lib/gcc/arm-none-eabi/5.4.1/../../../../arm-none-eabi/lib/armv7-m\libg_nano.a(lib_a-mlock.o)
                0x00001e72                __malloc_unlock
 .text._malloc_usable_size_r
                0x00001e74       0x14 c:/program files (x86)/cypress/psoc creator/4.4/psoc creator/import/gnu/arm/5.4.1/bin/../lib/gcc/arm-none-eabi/5.4.1/../../../../arm-none-eabi/lib/armv7-m\libg_nano.a(lib_a-nano-msizer.o)
                0x00001e74                _malloc_usable_size_r
 *(.plt)
 *(.gnu.warning)
 *(.glue_7t)
 .glue_7t       0x00001e88        0x0 linker stubs
 *(.glue_7)
 .glue_7        0x00001e88        0x0 linker stubs
 *(.vfp11_veneer)
 .vfp11_veneer  0x00001e88        0x0 linker stubs
 *(.bootloader)
 *(.ARM.extab* .gnu.linkonce.armextab.*)
 *(.gcc_except_table)

.v4_bx          0x00001e88        0x0
 .v4_bx         0x00001e88        0x0 linker stubs

.iplt           0x00001e88        0x0
 .iplt          0x00001e88        0x0 c:/program files (x86)/cypress/psoc creator/4.4/psoc creator/import/gnu/arm/5.4.1/bin/../lib/gcc/arm-none-eabi/5.4.1/armv7-m/crtbegin.o

.eh_frame_hdr
 *(.eh_frame_hdr)

.eh_frame       0x00001e88        0x4
 *(.eh_frame)
 .eh_frame      0x00001e88        0x0 c:/program files (x86)/cypress/psoc creator/4.4/psoc creator/import/gnu/arm/5.4.1/bin/../lib/gcc/arm-none-eabi/5.4.1/armv7-m/crtbegin.o
 .eh_frame      0x00001e88        0x4 c:/program files (x86)/cypress/psoc creator/4.4/psoc creator/import/gnu/arm/5.4.1/bin/../lib/gcc/arm-none-eabi/5.4.1/armv7-m/crtend.o
                [!provide]                PROVIDE (__exidx_start, .)

.ARM.exidx
 *(.ARM.exidx* .gnu.linkonce.armexidx.*)
                0x00001e8c                __exidx_end = .

.rodata         0x00001e8c      0x344
 *(.rodata .rodata.* .gnu.linkonce.r.*)
 .rodata.str1.4
                0x00001e8c       0xec .\CortexM3\ARM_GCC_541\Debug\main.o
                                 0xe9 (size before relaxing)
 .rodata        0x00001f78       0x8c .\CortexM3\ARM_GCC_541\Debug\cyfitter_cfg.o
                0x00001f78                AMux_1__addrTable
                0x00001fa8                AMux_1__maskTable
                0x00001fb4                ADC_DelSig_1_AMux__addrTable
                0x00001fbc                ADC_DelSig_1_AMux__maskTable
 .rodata        0x00002004      0x160 .\CortexM3\ARM_GCC_541\Debug\VOLTCANMASTER.a(CAN_1.o)
 .rodata.str1.1
                0x00002164        0x2 c:/program files (x86)/cypress/psoc creator/4.4/psoc creator/import/gnu/arm/5.4.1/bin/../lib/gcc/arm-none-eabi/5.4.1/../../../../arm-none-eabi/lib/armv7-m\libg_nano.a(lib_a-impure.o)
 .rodata.str1.1
                0x00002166       0x11 c:/program files (x86)/cypress/psoc creator/4.4/psoc creator/import/gnu/arm/5.4.1/bin/../lib/gcc/arm-none-eabi/5.4.1/../../../../arm-none-eabi/lib/armv7-m\libg_nano.a(lib_a-nano-svfprintf.o)
 .rodata.str1.1
                0x00002177       0x22 c:/program files (x86)/cypress/psoc creator/4.4/psoc creator/import/gnu/arm/5.4.1/bin/../lib/gcc/arm-none-eabi/5.4.1/../../../../arm-none-eabi/lib/armv7-m\libg_nano.a(lib_a-nano-vfprintf_i.o)
                0x0000219c                . = ALIGN (0x4)
 *fill*         0x00002199        0x3 
 *(.init)
 .init          0x0000219c        0x4 c:/program files (x86)/cypress/psoc creator/4.4/psoc creator/import/gnu/arm/5.4.1/bin/../lib/gcc/arm-none-eabi/5.4.1/armv7-m/crti.o
                0x0000219c                _init
 .init          0x000021a0        0x8 c:/program files (x86)/cypress/psoc creator/4.4/psoc creator/import/gnu/arm/5.4.1/bin/../lib/gcc/arm-none-eabi/5.4.1/armv7-m/crtn.o
                0x000021a8                . = ALIGN (0x4)
                0x000021a8                __preinit_array_start = .
 *(.preinit_array)
                0x000021a8                __preinit_array_end = .
                0x000021a8                . = ALIGN (0x4)
                0x000021a8                __init_array_start = .
 *(SORT(.init_array.*))
 *(.init_array)
 .init_array    0x000021a8        0x4 c:/program files (x86)/cypress/psoc creator/4.4/psoc creator/import/gnu/arm/5.4.1/bin/../lib/gcc/arm-none-eabi/5.4.1/armv7-m/crtbegin.o
 .init_array    0x000021ac        0x4 .\CortexM3\ARM_GCC_541\Debug\Cm3Start.o
                0x000021b0                __init_array_end = .
                0x000021b0                . = ALIGN (0x4)
 *(.fini)
 .fini          0x000021b0        0x4 c:/program files (x86)/cypress/psoc creator/4.4/psoc creator/import/gnu/arm/5.4.1/bin/../lib/gcc/arm-none-eabi/5.4.1/armv7-m/crti.o
                0x000021b0                _fini
 .fini          0x000021b4        0x8 c:/program files (x86)/cypress/psoc creator/4.4/psoc creator/import/gnu/arm/5.4.1/bin/../lib/gcc/arm-none-eabi/5.4.1/armv7-m/crtn.o
                0x000021bc                . = ALIGN (0x4)
                0x000021bc                __fini_array_start = .
 *(.fini_array)
 .fini_array    0x000021bc        0x4 c:/program files (x86)/cypress/psoc creator/4.4/psoc creator/import/gnu/arm/5.4.1/bin/../lib/gcc/arm-none-eabi/5.4.1/armv7-m/crtbegin.o
 *(SORT(.fini_array.*))
                0x000021c0                __fini_array_end = .
                0x000021c0                . = ALIGN (0x4)
 *crtbegin.o(.ctors)
 *(EXCLUDE_FILE(*crtend.o) .ctors)
 *(SORT(.ctors.*))
 *crtend.o(.ctors)
                0x000021c0                . = ALIGN (0x4)
 *crtbegin.o(.dtors)
 *(EXCLUDE_FILE(*crtend.o) .dtors)
 *(SORT(.dtors.*))
 *crtend.o(.dtors)
                0x000021c0                . = ALIGN (0x4)
                0x000021c0                __cy_regions = .
                0x000021c0        0x4 LONG 0x21d0 __cy_region_init_ram
                0x000021c4        0x4 LONG 0x1fff80c8 __cy_region_start_data
                0x000021c8        0x4 LONG 0x80 __cy_region_init_size_ram
                0x000021cc        0x4 LONG 0x58 __cy_region_zero_size_ram
                0x000021d0                __cy_regions_end = .
                0x000021d0                . = ALIGN (0x8)
                0x000021d0                _etext = .

.cy_checksum_exclude
                0x000021d0        0x0
 *(.cy_checksum_exclude)

.ramvectors     0x1fff8000       0xc0
                0x1fff8000                __cy_region_start_ram = .
 *(.ramvectors)
 .ramvectors    0x1fff8000       0xc0 .\CortexM3\ARM_GCC_541\Debug\Cm3Start.o
                0x1fff8000                CyRamVectors

.noinit         0x1fff80c0        0x1
 *(.noinit)
 .noinit        0x1fff80c0        0x1 .\CortexM3\ARM_GCC_541\Debug\VOLTCANMASTER.a(CyLib.o)
                0x1fff80c0                CyResetStatus

.data           0x1fff80c8       0x80 load address 0x000021d0
                0x1fff80c8                __cy_region_start_data = .
 *(.jcr)
 .jcr           0x1fff80c8        0x0 c:/program files (x86)/cypress/psoc creator/4.4/psoc creator/import/gnu/arm/5.4.1/bin/../lib/gcc/arm-none-eabi/5.4.1/armv7-m/crtbegin.o
 .jcr           0x1fff80c8        0x4 c:/program files (x86)/cypress/psoc creator/4.4/psoc creator/import/gnu/arm/5.4.1/bin/../lib/gcc/arm-none-eabi/5.4.1/armv7-m/crtend.o
 *(.got.plt)
 *(.got)
 *(.shdata)
 *(.data .data.* .gnu.linkonce.d.*)
 .data          0x1fff80cc        0x4 .\CortexM3\ARM_GCC_541\Debug\Cm3Start.o
 .data          0x1fff80d0        0x1 .\CortexM3\ARM_GCC_541\Debug\VOLTCANMASTER.a(AMux_1.o)
 .data          0x1fff80d1        0x1 .\CortexM3\ARM_GCC_541\Debug\VOLTCANMASTER.a(ADC_DelSig_1.o)
                0x1fff80d1                ADC_DelSig_1_Config
 .data          0x1fff80d2        0x1 .\CortexM3\ARM_GCC_541\Debug\VOLTCANMASTER.a(ADC_DelSig_1_AMux.o)
 *fill*         0x1fff80d3        0x1 
 .data          0x1fff80d4       0x10 .\CortexM3\ARM_GCC_541\Debug\VOLTCANMASTER.a(CyLib.o)
                0x1fff80d4                cydelay_32k_ms
                0x1fff80d8                cydelay_freq_khz
                0x1fff80dc                cydelay_freq_mhz
                0x1fff80e0                cydelay_freq_hz
 .data.impure_data
                0x1fff80e4       0x60 c:/program files (x86)/cypress/psoc creator/4.4/psoc creator/import/gnu/arm/5.4.1/bin/../lib/gcc/arm-none-eabi/5.4.1/../../../../arm-none-eabi/lib/armv7-m\libg_nano.a(lib_a-impure.o)
 .data._impure_ptr
                0x1fff8144        0x4 c:/program files (x86)/cypress/psoc creator/4.4/psoc creator/import/gnu/arm/5.4.1/bin/../lib/gcc/arm-none-eabi/5.4.1/../../../../arm-none-eabi/lib/armv7-m\libg_nano.a(lib_a-impure.o)
                0x1fff8144                _impure_ptr
                0x1fff8148                . = ALIGN (0x8)
 *(.ram)
                0x1fff8148                _edata = .

.igot.plt       0x1fff8148        0x0 load address 0x00002250
 .igot.plt      0x1fff8148        0x0 c:/program files (x86)/cypress/psoc creator/4.4/psoc creator/import/gnu/arm/5.4.1/bin/../lib/gcc/arm-none-eabi/5.4.1/armv7-m/crtbegin.o

.bss            0x1fff8148       0x58 load address 0x00002250
                0x1fff8148                PROVIDE (__bss_start__, .)
 *(.shbss)
 *(.bss .bss.* .gnu.linkonce.b.*)
 .bss           0x1fff8148       0x1c c:/program files (x86)/cypress/psoc creator/4.4/psoc creator/import/gnu/arm/5.4.1/bin/../lib/gcc/arm-none-eabi/5.4.1/armv7-m/crtbegin.o
 .bss           0x1fff8164        0x2 .\CortexM3\ARM_GCC_541\Debug\VOLTCANMASTER.a(UART_1.o)
                0x1fff8164                UART_1_initVar
 *fill*         0x1fff8166        0x2 
 .bss           0x1fff8168        0xc .\CortexM3\ARM_GCC_541\Debug\VOLTCANMASTER.a(ADC_DelSig_1.o)
                0x1fff816c                ADC_DelSig_1_stopConversion
                0x1fff816d                ADC_DelSig_1_convDone
                0x1fff816e                ADC_DelSig_1_initVar
                0x1fff816f                ADC_DelSig_1_started
                0x1fff8170                ADC_DelSig_1_Offset
 .bss           0x1fff8174        0x1 .\CortexM3\ARM_GCC_541\Debug\VOLTCANMASTER.a(CAN_1.o)
                0x1fff8174                CAN_1_initVar
 *fill*         0x1fff8175        0x3 
 .bss.__malloc_sbrk_start
                0x1fff8178        0x4 c:/program files (x86)/cypress/psoc creator/4.4/psoc creator/import/gnu/arm/5.4.1/bin/../lib/gcc/arm-none-eabi/5.4.1/../../../../arm-none-eabi/lib/armv7-m\libg_nano.a(lib_a-nano-mallocr.o)
                0x1fff8178                __malloc_sbrk_start
 .bss.__malloc_free_list
                0x1fff817c        0x4 c:/program files (x86)/cypress/psoc creator/4.4/psoc creator/import/gnu/arm/5.4.1/bin/../lib/gcc/arm-none-eabi/5.4.1/../../../../arm-none-eabi/lib/armv7-m\libg_nano.a(lib_a-nano-mallocr.o)
                0x1fff817c                __malloc_free_list
 *(COMMON)
 COMMON         0x1fff8180       0x12 .\CortexM3\ARM_GCC_541\Debug\main.o
                0x1fff8180                TX_DATA8
                0x1fff8184                TX_DATA
                0x1fff818c                RX_DATA_P1
 *fill*         0x1fff8192        0x2 
 COMMON         0x1fff8194        0x4 .\CortexM3\ARM_GCC_541\Debug\VOLTCANMASTER.a(ADC_DelSig_1.o)
                0x1fff8194                ADC_DelSig_1_CountsPerVolt
 COMMON         0x1fff8198        0x4 c:/program files (x86)/cypress/psoc creator/4.4/psoc creator/import/gnu/arm/5.4.1/bin/../lib/gcc/arm-none-eabi/5.4.1/../../../../arm-none-eabi/lib/armv7-m\libg_nano.a(lib_a-reent.o)
                0x1fff8198                errno
                0x1fff81a0                . = ALIGN (0x8)
 *fill*         0x1fff819c        0x4 
 *(.ram.b)
                0x1fff81a0                _end = .
                0x1fff81a0                __end = .
                0x1fff81a0                PROVIDE (end, .)
                0x1fff81a0                PROVIDE (__bss_end__, .)
                0x000021d0                __cy_region_init_ram = LOADADDR (.data)
                0x00000080                __cy_region_init_size_ram = (_edata - ADDR (.data))
                0x00000058                __cy_region_zero_size_ram = (_end - _edata)

.heap           0x1fff81a0       0x80 load address 0x00002250
                0x1fff81a0                . = _end
                0x1fff8220                . = (. + 0x80)
 *fill*         0x1fff81a0       0x80 
                0x1fff8220                __cy_heap_limit = .

.stack          0x20007800      0x800
                0x20007800                __cy_stack_limit = .
                0x20008000                . = (. + 0x800)
 *fill*         0x20007800      0x800 
                0x00000001                ASSERT ((__cy_stack_limit >= __cy_heap_limit), region RAM overflowed with stack)
                0x00000000                cy_checksum_exclude_size = (CY_APPL_LOADABLE == 0x1)?SIZEOF (.cy_checksum_exclude):0x0
                0x00000001                ASSERT ((cy_checksum_exclude_size <= CY_CHECKSUM_EXCLUDE_SIZE), CY_BOOT: Section .cy_checksum_exclude size exceedes specified limit.)

.cyloadermeta
 *(.cyloadermeta)

.cyloadablemeta
 *(.cyloadablemeta)

.cyconfigecc    0x80000000      0x368
 *(.cyconfigecc)
 .cyconfigecc   0x80000000      0x368 .\CortexM3\ARM_GCC_541\Debug\cymetadata.o
                0x80000000                cy_meta_configecc

.cycustnvl      0x90000000        0x4
 *(.cycustnvl)
 .cycustnvl     0x90000000        0x4 .\CortexM3\ARM_GCC_541\Debug\cymetadata.o
                0x90000000                cy_meta_custnvl

.cywolatch      0x90100000        0x4
 *(.cywolatch)
 .cywolatch     0x90100000        0x4 .\CortexM3\ARM_GCC_541\Debug\cymetadata.o
                0x90100000                cy_meta_wonvl

.cyeeprom       0x90200000        0x0
 *(.cyeeprom)
                0x00000001                ASSERT ((. <= ((0x90200000 + ee_offset) + ee_size)), .cyeeprom data will not fit in EEPROM)

.cyflashprotect
                0x90400000      0x100
 *(.cyflashprotect)
 .cyflashprotect
                0x90400000      0x100 .\CortexM3\ARM_GCC_541\Debug\cymetadata.o
                0x90400000                cy_meta_flashprotect

.cymeta         0x90500000        0xc
 *(.cymeta)
 .cymeta        0x90500000        0xc .\CortexM3\ARM_GCC_541\Debug\cymetadata.o
                0x90500000                cy_metadata

.rel.dyn        0x00002250        0x0 load address 0x9050000c
 .rel.iplt      0x00002250        0x0 c:/program files (x86)/cypress/psoc creator/4.4/psoc creator/import/gnu/arm/5.4.1/bin/../lib/gcc/arm-none-eabi/5.4.1/armv7-m/crtbegin.o

.stab
 *(.stab)

.stabstr
 *(.stabstr)

.debug
 *(.debug)

.line
 *(.line)

.debug_srcinfo
 *(.debug_srcinfo)

.debug_sfnames
 *(.debug_sfnames)

.debug_aranges  0x00000000      0xa80
 *(.debug_aranges)
 .debug_aranges
                0x00000000       0x38 .\CortexM3\ARM_GCC_541\Debug\main.o
 .debug_aranges
                0x00000038       0x78 .\CortexM3\ARM_GCC_541\Debug\cyfitter_cfg.o
 .debug_aranges
                0x000000b0       0x18 .\CortexM3\ARM_GCC_541\Debug\cymetadata.o
 .debug_aranges
                0x000000c8       0x48 .\CortexM3\ARM_GCC_541\Debug\Cm3Start.o
 .debug_aranges
                0x00000110       0xf0 .\CortexM3\ARM_GCC_541\Debug\VOLTCANMASTER.a(UART_1.o)
 .debug_aranges
                0x00000200       0x30 .\CortexM3\ARM_GCC_541\Debug\VOLTCANMASTER.a(AMux_1.o)
 .debug_aranges
                0x00000230       0xe8 .\CortexM3\ARM_GCC_541\Debug\VOLTCANMASTER.a(ADC_DelSig_1.o)
 .debug_aranges
                0x00000318       0x38 .\CortexM3\ARM_GCC_541\Debug\VOLTCANMASTER.a(ADC_DelSig_1_INT.o)
 .debug_aranges
                0x00000350       0xc8 .\CortexM3\ARM_GCC_541\Debug\VOLTCANMASTER.a(CAN_1.o)
 .debug_aranges
                0x00000418       0x30 .\CortexM3\ARM_GCC_541\Debug\VOLTCANMASTER.a(CAN_1_INT.o)
 .debug_aranges
                0x00000448       0x48 .\CortexM3\ARM_GCC_541\Debug\VOLTCANMASTER.a(CAN_1_TX_RX_func.o)
 .debug_aranges
                0x00000490       0x70 .\CortexM3\ARM_GCC_541\Debug\VOLTCANMASTER.a(UART_1_IntClock.o)
 .debug_aranges
                0x00000500       0x30 .\CortexM3\ARM_GCC_541\Debug\VOLTCANMASTER.a(ADC_DelSig_1_AMux.o)
 .debug_aranges
                0x00000530       0x70 .\CortexM3\ARM_GCC_541\Debug\VOLTCANMASTER.a(ADC_DelSig_1_Ext_CP_Clk.o)
 .debug_aranges
                0x000005a0       0x80 .\CortexM3\ARM_GCC_541\Debug\VOLTCANMASTER.a(ADC_DelSig_1_theACLK.o)
 .debug_aranges
                0x00000620      0x2a0 .\CortexM3\ARM_GCC_541\Debug\VOLTCANMASTER.a(CyLib.o)
 .debug_aranges
                0x000008c0       0x98 .\CortexM3\ARM_GCC_541\Debug\VOLTCANMASTER.a(cyPm.o)
 .debug_aranges
                0x00000958       0x20 .\CortexM3\ARM_GCC_541\Debug\VOLTCANMASTER.a(CyBootAsmGnu.o)
 .debug_aranges
                0x00000978       0x88 .\CortexM3\ARM_GCC_541\Debug\VOLTCANMASTER.a(CyFlash.o)
 .debug_aranges
                0x00000a00       0x80 .\CortexM3\ARM_GCC_541\Debug\VOLTCANMASTER.a(CySpc.o)

.debug_pubnames
 *(.debug_pubnames)

.debug_info     0x00000000     0x66f9
 *(.debug_info .gnu.linkonce.wi.*)
 .debug_info    0x00000000      0x64b .\CortexM3\ARM_GCC_541\Debug\main.o
 .debug_info    0x0000064b      0x73c .\CortexM3\ARM_GCC_541\Debug\cyfitter_cfg.o
 .debug_info    0x00000d87      0x135 .\CortexM3\ARM_GCC_541\Debug\cymetadata.o
 .debug_info    0x00000ebc      0x3bb .\CortexM3\ARM_GCC_541\Debug\Cm3Start.o
 .debug_info    0x00001277      0x60c .\CortexM3\ARM_GCC_541\Debug\VOLTCANMASTER.a(UART_1.o)
 .debug_info    0x00001883      0x146 .\CortexM3\ARM_GCC_541\Debug\VOLTCANMASTER.a(AMux_1.o)
 .debug_info    0x000019c9      0xa1c .\CortexM3\ARM_GCC_541\Debug\VOLTCANMASTER.a(ADC_DelSig_1.o)
 .debug_info    0x000023e5       0xd3 .\CortexM3\ARM_GCC_541\Debug\VOLTCANMASTER.a(ADC_DelSig_1_INT.o)
 .debug_info    0x000024b8      0x8fb .\CortexM3\ARM_GCC_541\Debug\VOLTCANMASTER.a(CAN_1.o)
 .debug_info    0x00002db3      0x26b .\CortexM3\ARM_GCC_541\Debug\VOLTCANMASTER.a(CAN_1_INT.o)
 .debug_info    0x0000301e      0x3df .\CortexM3\ARM_GCC_541\Debug\VOLTCANMASTER.a(CAN_1_TX_RX_func.o)
 .debug_info    0x000033fd      0x283 .\CortexM3\ARM_GCC_541\Debug\VOLTCANMASTER.a(UART_1_IntClock.o)
 .debug_info    0x00003680      0x165 .\CortexM3\ARM_GCC_541\Debug\VOLTCANMASTER.a(ADC_DelSig_1_AMux.o)
 .debug_info    0x000037e5      0x283 .\CortexM3\ARM_GCC_541\Debug\VOLTCANMASTER.a(ADC_DelSig_1_Ext_CP_Clk.o)
 .debug_info    0x00003a68      0x2c4 .\CortexM3\ARM_GCC_541\Debug\VOLTCANMASTER.a(ADC_DelSig_1_theACLK.o)
 .debug_info    0x00003d2c     0x1374 .\CortexM3\ARM_GCC_541\Debug\VOLTCANMASTER.a(CyLib.o)
 .debug_info    0x000050a0      0xa2a .\CortexM3\ARM_GCC_541\Debug\VOLTCANMASTER.a(cyPm.o)
 .debug_info    0x00005aca       0x92 .\CortexM3\ARM_GCC_541\Debug\VOLTCANMASTER.a(CyBootAsmGnu.o)
 .debug_info    0x00005b5c      0x64d .\CortexM3\ARM_GCC_541\Debug\VOLTCANMASTER.a(CyFlash.o)
 .debug_info    0x000061a9      0x550 .\CortexM3\ARM_GCC_541\Debug\VOLTCANMASTER.a(CySpc.o)

.debug_abbrev   0x00000000     0x19ae
 *(.debug_abbrev)
 .debug_abbrev  0x00000000      0x179 .\CortexM3\ARM_GCC_541\Debug\main.o
 .debug_abbrev  0x00000179      0x22d .\CortexM3\ARM_GCC_541\Debug\cyfitter_cfg.o
 .debug_abbrev  0x000003a6       0x66 .\CortexM3\ARM_GCC_541\Debug\cymetadata.o
 .debug_abbrev  0x0000040c      0x1e8 .\CortexM3\ARM_GCC_541\Debug\Cm3Start.o
 .debug_abbrev  0x000005f4      0x175 .\CortexM3\ARM_GCC_541\Debug\VOLTCANMASTER.a(UART_1.o)
 .debug_abbrev  0x00000769       0xb1 .\CortexM3\ARM_GCC_541\Debug\VOLTCANMASTER.a(AMux_1.o)
 .debug_abbrev  0x0000081a      0x1cd .\CortexM3\ARM_GCC_541\Debug\VOLTCANMASTER.a(ADC_DelSig_1.o)
 .debug_abbrev  0x000009e7       0x42 .\CortexM3\ARM_GCC_541\Debug\VOLTCANMASTER.a(ADC_DelSig_1_INT.o)
 .debug_abbrev  0x00000a29      0x195 .\CortexM3\ARM_GCC_541\Debug\VOLTCANMASTER.a(CAN_1.o)
 .debug_abbrev  0x00000bbe       0xe6 .\CortexM3\ARM_GCC_541\Debug\VOLTCANMASTER.a(CAN_1_INT.o)
 .debug_abbrev  0x00000ca4      0x178 .\CortexM3\ARM_GCC_541\Debug\VOLTCANMASTER.a(CAN_1_TX_RX_func.o)
 .debug_abbrev  0x00000e1c      0x139 .\CortexM3\ARM_GCC_541\Debug\VOLTCANMASTER.a(UART_1_IntClock.o)
 .debug_abbrev  0x00000f55       0xb1 .\CortexM3\ARM_GCC_541\Debug\VOLTCANMASTER.a(ADC_DelSig_1_AMux.o)
 .debug_abbrev  0x00001006      0x139 .\CortexM3\ARM_GCC_541\Debug\VOLTCANMASTER.a(ADC_DelSig_1_Ext_CP_Clk.o)
 .debug_abbrev  0x0000113f      0x121 .\CortexM3\ARM_GCC_541\Debug\VOLTCANMASTER.a(ADC_DelSig_1_theACLK.o)
 .debug_abbrev  0x00001260      0x254 .\CortexM3\ARM_GCC_541\Debug\VOLTCANMASTER.a(CyLib.o)
 .debug_abbrev  0x000014b4      0x1ab .\CortexM3\ARM_GCC_541\Debug\VOLTCANMASTER.a(cyPm.o)
 .debug_abbrev  0x0000165f       0x14 .\CortexM3\ARM_GCC_541\Debug\VOLTCANMASTER.a(CyBootAsmGnu.o)
 .debug_abbrev  0x00001673      0x1a7 .\CortexM3\ARM_GCC_541\Debug\VOLTCANMASTER.a(CyFlash.o)
 .debug_abbrev  0x0000181a      0x194 .\CortexM3\ARM_GCC_541\Debug\VOLTCANMASTER.a(CySpc.o)

.debug_line     0x00000000     0x2b4d
 *(.debug_line)
 .debug_line    0x00000000      0x2c8 .\CortexM3\ARM_GCC_541\Debug\main.o
 .debug_line    0x000002c8      0x24d .\CortexM3\ARM_GCC_541\Debug\cyfitter_cfg.o
 .debug_line    0x00000515      0x141 .\CortexM3\ARM_GCC_541\Debug\cymetadata.o
 .debug_line    0x00000656      0x234 .\CortexM3\ARM_GCC_541\Debug\Cm3Start.o
 .debug_line    0x0000088a      0x2c0 .\CortexM3\ARM_GCC_541\Debug\VOLTCANMASTER.a(UART_1.o)
 .debug_line    0x00000b4a       0xaa .\CortexM3\ARM_GCC_541\Debug\VOLTCANMASTER.a(AMux_1.o)
 .debug_line    0x00000bf4      0x389 .\CortexM3\ARM_GCC_541\Debug\VOLTCANMASTER.a(ADC_DelSig_1.o)
 .debug_line    0x00000f7d       0x89 .\CortexM3\ARM_GCC_541\Debug\VOLTCANMASTER.a(ADC_DelSig_1_INT.o)
 .debug_line    0x00001006      0x382 .\CortexM3\ARM_GCC_541\Debug\VOLTCANMASTER.a(CAN_1.o)
 .debug_line    0x00001388       0xbb .\CortexM3\ARM_GCC_541\Debug\VOLTCANMASTER.a(CAN_1_INT.o)
 .debug_line    0x00001443      0x14e .\CortexM3\ARM_GCC_541\Debug\VOLTCANMASTER.a(CAN_1_TX_RX_func.o)
 .debug_line    0x00001591      0x17e .\CortexM3\ARM_GCC_541\Debug\VOLTCANMASTER.a(UART_1_IntClock.o)
 .debug_line    0x0000170f       0xb5 .\CortexM3\ARM_GCC_541\Debug\VOLTCANMASTER.a(ADC_DelSig_1_AMux.o)
 .debug_line    0x000017c4      0x186 .\CortexM3\ARM_GCC_541\Debug\VOLTCANMASTER.a(ADC_DelSig_1_Ext_CP_Clk.o)
 .debug_line    0x0000194a      0x1a6 .\CortexM3\ARM_GCC_541\Debug\VOLTCANMASTER.a(ADC_DelSig_1_theACLK.o)
 .debug_line    0x00001af0      0x816 .\CortexM3\ARM_GCC_541\Debug\VOLTCANMASTER.a(CyLib.o)
 .debug_line    0x00002306      0x367 .\CortexM3\ARM_GCC_541\Debug\VOLTCANMASTER.a(cyPm.o)
 .debug_line    0x0000266d       0x66 .\CortexM3\ARM_GCC_541\Debug\VOLTCANMASTER.a(CyBootAsmGnu.o)
 .debug_line    0x000026d3      0x21a .\CortexM3\ARM_GCC_541\Debug\VOLTCANMASTER.a(CyFlash.o)
 .debug_line    0x000028ed      0x260 .\CortexM3\ARM_GCC_541\Debug\VOLTCANMASTER.a(CySpc.o)

.debug_frame    0x00000000     0x1e38
 *(.debug_frame)
 .debug_frame   0x00000000       0x98 .\CortexM3\ARM_GCC_541\Debug\main.o
 .debug_frame   0x00000098      0x13c .\CortexM3\ARM_GCC_541\Debug\cyfitter_cfg.o
 .debug_frame   0x000001d4       0xb8 .\CortexM3\ARM_GCC_541\Debug\Cm3Start.o
 .debug_frame   0x0000028c      0x250 .\CortexM3\ARM_GCC_541\Debug\VOLTCANMASTER.a(UART_1.o)
 .debug_frame   0x000004dc       0x64 .\CortexM3\ARM_GCC_541\Debug\VOLTCANMASTER.a(AMux_1.o)
 .debug_frame   0x00000540      0x284 .\CortexM3\ARM_GCC_541\Debug\VOLTCANMASTER.a(ADC_DelSig_1.o)
 .debug_frame   0x000007c4       0x50 .\CortexM3\ARM_GCC_541\Debug\VOLTCANMASTER.a(ADC_DelSig_1_INT.o)
 .debug_frame   0x00000814      0x1cc .\CortexM3\ARM_GCC_541\Debug\VOLTCANMASTER.a(CAN_1.o)
 .debug_frame   0x000009e0       0x68 .\CortexM3\ARM_GCC_541\Debug\VOLTCANMASTER.a(CAN_1_INT.o)
 .debug_frame   0x00000a48       0xa4 .\CortexM3\ARM_GCC_541\Debug\VOLTCANMASTER.a(CAN_1_TX_RX_func.o)
 .debug_frame   0x00000aec       0xe0 .\CortexM3\ARM_GCC_541\Debug\VOLTCANMASTER.a(UART_1_IntClock.o)
 .debug_frame   0x00000bcc       0x64 .\CortexM3\ARM_GCC_541\Debug\VOLTCANMASTER.a(ADC_DelSig_1_AMux.o)
 .debug_frame   0x00000c30       0xe0 .\CortexM3\ARM_GCC_541\Debug\VOLTCANMASTER.a(ADC_DelSig_1_Ext_CP_Clk.o)
 .debug_frame   0x00000d10      0x100 .\CortexM3\ARM_GCC_541\Debug\VOLTCANMASTER.a(ADC_DelSig_1_theACLK.o)
 .debug_frame   0x00000e10      0x738 .\CortexM3\ARM_GCC_541\Debug\VOLTCANMASTER.a(CyLib.o)
 .debug_frame   0x00001548      0x1f8 .\CortexM3\ARM_GCC_541\Debug\VOLTCANMASTER.a(cyPm.o)
 .debug_frame   0x00001740      0x194 .\CortexM3\ARM_GCC_541\Debug\VOLTCANMASTER.a(CyFlash.o)
 .debug_frame   0x000018d4      0x180 .\CortexM3\ARM_GCC_541\Debug\VOLTCANMASTER.a(CySpc.o)
 .debug_frame   0x00001a54       0x20 c:/program files (x86)/cypress/psoc creator/4.4/psoc creator/import/gnu/arm/5.4.1/bin/../lib/gcc/arm-none-eabi/5.4.1/../../../../arm-none-eabi/lib/armv7-m\libg_nano.a(lib_a-errno.o)
 .debug_frame   0x00001a74       0x28 c:/program files (x86)/cypress/psoc creator/4.4/psoc creator/import/gnu/arm/5.4.1/bin/../lib/gcc/arm-none-eabi/5.4.1/../../../../arm-none-eabi/lib/armv7-m\libg_nano.a(lib_a-exit.o)
 .debug_frame   0x00001a9c       0x2c c:/program files (x86)/cypress/psoc creator/4.4/psoc creator/import/gnu/arm/5.4.1/bin/../lib/gcc/arm-none-eabi/5.4.1/../../../../arm-none-eabi/lib/armv7-m\libg_nano.a(lib_a-init.o)
 .debug_frame   0x00001ac8       0x28 c:/program files (x86)/cypress/psoc creator/4.4/psoc creator/import/gnu/arm/5.4.1/bin/../lib/gcc/arm-none-eabi/5.4.1/../../../../arm-none-eabi/lib/armv7-m\libg_nano.a(lib_a-memcpy-stub.o)
 .debug_frame   0x00001af0       0x20 c:/program files (x86)/cypress/psoc creator/4.4/psoc creator/import/gnu/arm/5.4.1/bin/../lib/gcc/arm-none-eabi/5.4.1/../../../../arm-none-eabi/lib/armv7-m\libg_nano.a(lib_a-memset.o)
 .debug_frame   0x00001b10       0x70 c:/program files (x86)/cypress/psoc creator/4.4/psoc creator/import/gnu/arm/5.4.1/bin/../lib/gcc/arm-none-eabi/5.4.1/../../../../arm-none-eabi/lib/armv7-m\libg_nano.a(lib_a-sprintf.o)
 .debug_frame   0x00001b80       0x90 c:/program files (x86)/cypress/psoc creator/4.4/psoc creator/import/gnu/arm/5.4.1/bin/../lib/gcc/arm-none-eabi/5.4.1/../../../../arm-none-eabi/lib/armv7-m\libg_nano.a(lib_a-nano-svfprintf.o)
 .debug_frame   0x00001c10       0x60 c:/program files (x86)/cypress/psoc creator/4.4/psoc creator/import/gnu/arm/5.4.1/bin/../lib/gcc/arm-none-eabi/5.4.1/../../../../arm-none-eabi/lib/armv7-m\libg_nano.a(lib_a-nano-vfprintf_i.o)
 .debug_frame   0x00001c70       0x28 c:/program files (x86)/cypress/psoc creator/4.4/psoc creator/import/gnu/arm/5.4.1/bin/../lib/gcc/arm-none-eabi/5.4.1/../../../../arm-none-eabi/lib/armv7-m\libg_nano.a(lib_a-memchr-stub.o)
 .debug_frame   0x00001c98       0x28 c:/program files (x86)/cypress/psoc creator/4.4/psoc creator/import/gnu/arm/5.4.1/bin/../lib/gcc/arm-none-eabi/5.4.1/../../../../arm-none-eabi/lib/armv7-m\libg_nano.a(lib_a-memmove.o)
 .debug_frame   0x00001cc0       0x38 c:/program files (x86)/cypress/psoc creator/4.4/psoc creator/import/gnu/arm/5.4.1/bin/../lib/gcc/arm-none-eabi/5.4.1/../../../../arm-none-eabi/lib/armv7-m\libg_nano.a(lib_a-nano-freer.o)
 .debug_frame   0x00001cf8       0x2c c:/program files (x86)/cypress/psoc creator/4.4/psoc creator/import/gnu/arm/5.4.1/bin/../lib/gcc/arm-none-eabi/5.4.1/../../../../arm-none-eabi/lib/armv7-m\libg_nano.a(lib_a-nano-mallocr.o)
 .debug_frame   0x00001d24       0x3c c:/program files (x86)/cypress/psoc creator/4.4/psoc creator/import/gnu/arm/5.4.1/bin/../lib/gcc/arm-none-eabi/5.4.1/../../../../arm-none-eabi/lib/armv7-m\libg_nano.a(lib_a-nano-reallocr.o)
 .debug_frame   0x00001d60       0x2c c:/program files (x86)/cypress/psoc creator/4.4/psoc creator/import/gnu/arm/5.4.1/bin/../lib/gcc/arm-none-eabi/5.4.1/../../../../arm-none-eabi/lib/armv7-m\libg_nano.a(lib_a-sbrkr.o)
 .debug_frame   0x00001d8c       0x30 c:/program files (x86)/cypress/psoc creator/4.4/psoc creator/import/gnu/arm/5.4.1/bin/../lib/gcc/arm-none-eabi/5.4.1/../../../../arm-none-eabi/lib/armv7-m\libg_nano.a(lib_a-mlock.o)
 .debug_frame   0x00001dbc       0x20 c:/program files (x86)/cypress/psoc creator/4.4/psoc creator/import/gnu/arm/5.4.1/bin/../lib/gcc/arm-none-eabi/5.4.1/../../../../arm-none-eabi/lib/armv7-m\libg_nano.a(lib_a-nano-msizer.o)
 .debug_frame   0x00001ddc       0x5c c:/program files (x86)/cypress/psoc creator/4.4/psoc creator/import/gnu/arm/5.4.1/bin/../lib/gcc/arm-none-eabi/5.4.1/../../../../arm-none-eabi/lib/armv7-m\libg_nano.a(lib_a-reent.o)

.debug_str      0x00000000     0x2615
 *(.debug_str)
 .debug_str     0x00000000      0x2a4 .\CortexM3\ARM_GCC_541\Debug\main.o
                                0x2ec (size before relaxing)
 .debug_str     0x000002a4      0x25b .\CortexM3\ARM_GCC_541\Debug\cyfitter_cfg.o
                                0x3f2 (size before relaxing)
 .debug_str     0x000004ff       0x7f .\CortexM3\ARM_GCC_541\Debug\cymetadata.o
                                0x1e6 (size before relaxing)
 .debug_str     0x0000057e      0x144 .\CortexM3\ARM_GCC_541\Debug\Cm3Start.o
                                0x30c (size before relaxing)
 .debug_str     0x000006c2      0x2f4 .\CortexM3\ARM_GCC_541\Debug\VOLTCANMASTER.a(UART_1.o)
                                0x4b5 (size before relaxing)
 .debug_str     0x000009b6       0x4d .\CortexM3\ARM_GCC_541\Debug\VOLTCANMASTER.a(AMux_1.o)
                                0x1fa (size before relaxing)
 .debug_str     0x00000a03      0x488 .\CortexM3\ARM_GCC_541\Debug\VOLTCANMASTER.a(ADC_DelSig_1.o)
                                0x73c (size before relaxing)
 .debug_str     0x00000e8b       0x72 .\CortexM3\ARM_GCC_541\Debug\VOLTCANMASTER.a(ADC_DelSig_1_INT.o)
                                0x1ef (size before relaxing)
 .debug_str     0x00000efd      0x301 .\CortexM3\ARM_GCC_541\Debug\VOLTCANMASTER.a(CAN_1.o)
                                0x523 (size before relaxing)
 .debug_str     0x000011fe       0x83 .\CortexM3\ARM_GCC_541\Debug\VOLTCANMASTER.a(CAN_1_INT.o)
                                0x299 (size before relaxing)
 .debug_str     0x00001281       0x92 .\CortexM3\ARM_GCC_541\Debug\VOLTCANMASTER.a(CAN_1_TX_RX_func.o)
                                0x311 (size before relaxing)
 .debug_str     0x00001313      0x195 .\CortexM3\ARM_GCC_541\Debug\VOLTCANMASTER.a(UART_1_IntClock.o)
                                0x350 (size before relaxing)
 .debug_str     0x000014a8       0x7e .\CortexM3\ARM_GCC_541\Debug\VOLTCANMASTER.a(ADC_DelSig_1_AMux.o)
                                0x240 (size before relaxing)
 .debug_str     0x00001526      0x184 .\CortexM3\ARM_GCC_541\Debug\VOLTCANMASTER.a(ADC_DelSig_1_Ext_CP_Clk.o)
                                0x3b0 (size before relaxing)
 .debug_str     0x000016aa      0x1bb .\CortexM3\ARM_GCC_541\Debug\VOLTCANMASTER.a(ADC_DelSig_1_theACLK.o)
                                0x3e1 (size before relaxing)
 .debug_str     0x00001865      0x7e4 .\CortexM3\ARM_GCC_541\Debug\VOLTCANMASTER.a(CyLib.o)
                                0xa49 (size before relaxing)
 .debug_str     0x00002049      0x365 .\CortexM3\ARM_GCC_541\Debug\VOLTCANMASTER.a(cyPm.o)
                                0x735 (size before relaxing)
 .debug_str     0x000023ae      0x1bb .\CortexM3\ARM_GCC_541\Debug\VOLTCANMASTER.a(CyFlash.o)
                                0x3c2 (size before relaxing)
 .debug_str     0x00002569       0xac .\CortexM3\ARM_GCC_541\Debug\VOLTCANMASTER.a(CySpc.o)
                                0x33a (size before relaxing)

.debug_loc      0x00000000     0x3584
 *(.debug_loc)
 .debug_loc     0x00000000      0x167 .\CortexM3\ARM_GCC_541\Debug\main.o
 .debug_loc     0x00000167      0x379 .\CortexM3\ARM_GCC_541\Debug\cyfitter_cfg.o
 .debug_loc     0x000004e0      0x144 .\CortexM3\ARM_GCC_541\Debug\Cm3Start.o
 .debug_loc     0x00000624      0x258 .\CortexM3\ARM_GCC_541\Debug\VOLTCANMASTER.a(UART_1.o)
 .debug_loc     0x0000087c       0x4b .\CortexM3\ARM_GCC_541\Debug\VOLTCANMASTER.a(AMux_1.o)
 .debug_loc     0x000008c7      0x69d .\CortexM3\ARM_GCC_541\Debug\VOLTCANMASTER.a(ADC_DelSig_1.o)
 .debug_loc     0x00000f64      0x980 .\CortexM3\ARM_GCC_541\Debug\VOLTCANMASTER.a(CAN_1.o)
 .debug_loc     0x000018e4       0x54 .\CortexM3\ARM_GCC_541\Debug\VOLTCANMASTER.a(CAN_1_INT.o)
 .debug_loc     0x00001938      0x193 .\CortexM3\ARM_GCC_541\Debug\VOLTCANMASTER.a(CAN_1_TX_RX_func.o)
 .debug_loc     0x00001acb      0x128 .\CortexM3\ARM_GCC_541\Debug\VOLTCANMASTER.a(UART_1_IntClock.o)
 .debug_loc     0x00001bf3       0x6c .\CortexM3\ARM_GCC_541\Debug\VOLTCANMASTER.a(ADC_DelSig_1_AMux.o)
 .debug_loc     0x00001c5f      0x12c .\CortexM3\ARM_GCC_541\Debug\VOLTCANMASTER.a(ADC_DelSig_1_Ext_CP_Clk.o)
 .debug_loc     0x00001d8b      0x14d .\CortexM3\ARM_GCC_541\Debug\VOLTCANMASTER.a(ADC_DelSig_1_theACLK.o)
 .debug_loc     0x00001ed8      0xa11 .\CortexM3\ARM_GCC_541\Debug\VOLTCANMASTER.a(CyLib.o)
 .debug_loc     0x000028e9      0x1e4 .\CortexM3\ARM_GCC_541\Debug\VOLTCANMASTER.a(cyPm.o)
 .debug_loc     0x00002acd      0x3b2 .\CortexM3\ARM_GCC_541\Debug\VOLTCANMASTER.a(CyFlash.o)
 .debug_loc     0x00002e7f      0x705 .\CortexM3\ARM_GCC_541\Debug\VOLTCANMASTER.a(CySpc.o)

.debug_macinfo
 *(.debug_macinfo)

.debug_ranges   0x00000000      0x928
 *(.debug_ranges)
 .debug_ranges  0x00000000       0x28 .\CortexM3\ARM_GCC_541\Debug\main.o
 .debug_ranges  0x00000028       0x68 .\CortexM3\ARM_GCC_541\Debug\cyfitter_cfg.o
 .debug_ranges  0x00000090       0x38 .\CortexM3\ARM_GCC_541\Debug\Cm3Start.o
 .debug_ranges  0x000000c8       0xe0 .\CortexM3\ARM_GCC_541\Debug\VOLTCANMASTER.a(UART_1.o)
 .debug_ranges  0x000001a8       0x20 .\CortexM3\ARM_GCC_541\Debug\VOLTCANMASTER.a(AMux_1.o)
 .debug_ranges  0x000001c8       0xd8 .\CortexM3\ARM_GCC_541\Debug\VOLTCANMASTER.a(ADC_DelSig_1.o)
 .debug_ranges  0x000002a0       0x28 .\CortexM3\ARM_GCC_541\Debug\VOLTCANMASTER.a(ADC_DelSig_1_INT.o)
 .debug_ranges  0x000002c8       0xb8 .\CortexM3\ARM_GCC_541\Debug\VOLTCANMASTER.a(CAN_1.o)
 .debug_ranges  0x00000380       0x20 .\CortexM3\ARM_GCC_541\Debug\VOLTCANMASTER.a(CAN_1_INT.o)
 .debug_ranges  0x000003a0       0x38 .\CortexM3\ARM_GCC_541\Debug\VOLTCANMASTER.a(CAN_1_TX_RX_func.o)
 .debug_ranges  0x000003d8       0x60 .\CortexM3\ARM_GCC_541\Debug\VOLTCANMASTER.a(UART_1_IntClock.o)
 .debug_ranges  0x00000438       0x20 .\CortexM3\ARM_GCC_541\Debug\VOLTCANMASTER.a(ADC_DelSig_1_AMux.o)
 .debug_ranges  0x00000458       0x60 .\CortexM3\ARM_GCC_541\Debug\VOLTCANMASTER.a(ADC_DelSig_1_Ext_CP_Clk.o)
 .debug_ranges  0x000004b8       0x70 .\CortexM3\ARM_GCC_541\Debug\VOLTCANMASTER.a(ADC_DelSig_1_theACLK.o)
 .debug_ranges  0x00000528      0x290 .\CortexM3\ARM_GCC_541\Debug\VOLTCANMASTER.a(CyLib.o)
 .debug_ranges  0x000007b8       0x88 .\CortexM3\ARM_GCC_541\Debug\VOLTCANMASTER.a(cyPm.o)
 .debug_ranges  0x00000840       0x78 .\CortexM3\ARM_GCC_541\Debug\VOLTCANMASTER.a(CyFlash.o)
 .debug_ranges  0x000008b8       0x70 .\CortexM3\ARM_GCC_541\Debug\VOLTCANMASTER.a(CySpc.o)

.comment        0x00000000       0x6e
 .comment       0x00000000       0x6e .\CortexM3\ARM_GCC_541\Debug\main.o
                                 0x6f (size before relaxing)
 .comment       0x0000006e       0x6f .\CortexM3\ARM_GCC_541\Debug\cyfitter_cfg.o
 .comment       0x0000006e       0x6f .\CortexM3\ARM_GCC_541\Debug\cymetadata.o
 .comment       0x0000006e       0x6f .\CortexM3\ARM_GCC_541\Debug\Cm3Start.o
 .comment       0x0000006e       0x6f .\CortexM3\ARM_GCC_541\Debug\VOLTCANMASTER.a(UART_1.o)
 .comment       0x0000006e       0x6f .\CortexM3\ARM_GCC_541\Debug\VOLTCANMASTER.a(AMux_1.o)
 .comment       0x0000006e       0x6f .\CortexM3\ARM_GCC_541\Debug\VOLTCANMASTER.a(ADC_DelSig_1.o)
 .comment       0x0000006e       0x6f .\CortexM3\ARM_GCC_541\Debug\VOLTCANMASTER.a(ADC_DelSig_1_INT.o)
 .comment       0x0000006e       0x6f .\CortexM3\ARM_GCC_541\Debug\VOLTCANMASTER.a(CAN_1.o)
 .comment       0x0000006e       0x6f .\CortexM3\ARM_GCC_541\Debug\VOLTCANMASTER.a(CAN_1_INT.o)
 .comment       0x0000006e       0x6f .\CortexM3\ARM_GCC_541\Debug\VOLTCANMASTER.a(CAN_1_TX_RX_func.o)
 .comment       0x0000006e       0x6f .\CortexM3\ARM_GCC_541\Debug\VOLTCANMASTER.a(UART_1_IntClock.o)
 .comment       0x0000006e       0x6f .\CortexM3\ARM_GCC_541\Debug\VOLTCANMASTER.a(ADC_DelSig_1_AMux.o)
 .comment       0x0000006e       0x6f .\CortexM3\ARM_GCC_541\Debug\VOLTCANMASTER.a(ADC_DelSig_1_Ext_CP_Clk.o)
 .comment       0x0000006e       0x6f .\CortexM3\ARM_GCC_541\Debug\VOLTCANMASTER.a(ADC_DelSig_1_theACLK.o)
 .comment       0x0000006e       0x6f .\CortexM3\ARM_GCC_541\Debug\VOLTCANMASTER.a(CyLib.o)
 .comment       0x0000006e       0x6f .\CortexM3\ARM_GCC_541\Debug\VOLTCANMASTER.a(cyPm.o)
 .comment       0x0000006e       0x6f .\CortexM3\ARM_GCC_541\Debug\VOLTCANMASTER.a(CyFlash.o)
 .comment       0x0000006e       0x6f .\CortexM3\ARM_GCC_541\Debug\VOLTCANMASTER.a(CySpc.o)

.debug_weaknames
 *(.debug_weaknames)

.debug_funcnames
 *(.debug_funcnames)

.debug_typenames
 *(.debug_typenames)

.debug_varnames
 *(.debug_varnames)

.note.gnu.arm.ident
 *(.note.gnu.arm.ident)

.ARM.attributes
                0x00000000       0x29
 *(.ARM.attributes)
 .ARM.attributes
                0x00000000       0x1d c:/program files (x86)/cypress/psoc creator/4.4/psoc creator/import/gnu/arm/5.4.1/bin/../lib/gcc/arm-none-eabi/5.4.1/armv7-m/crti.o
 .ARM.attributes
                0x0000001d       0x2d c:/program files (x86)/cypress/psoc creator/4.4/psoc creator/import/gnu/arm/5.4.1/bin/../lib/gcc/arm-none-eabi/5.4.1/armv7-m/crtbegin.o
 .ARM.attributes
                0x0000004a       0x1b c:/program files (x86)/cypress/psoc creator/4.4/psoc creator/import/gnu/arm/5.4.1/bin/../lib/gcc/arm-none-eabi/5.4.1/../../../../arm-none-eabi/lib/armv7-m/crt0.o
 .ARM.attributes
                0x00000065       0x33 .\CortexM3\ARM_GCC_541\Debug\main.o
 .ARM.attributes
                0x00000098       0x33 .\CortexM3\ARM_GCC_541\Debug\cyfitter_cfg.o
 .ARM.attributes
                0x000000cb       0x33 .\CortexM3\ARM_GCC_541\Debug\cymetadata.o
 .ARM.attributes
                0x000000fe       0x33 .\CortexM3\ARM_GCC_541\Debug\Cm3Start.o
 .ARM.attributes
                0x00000131       0x33 .\CortexM3\ARM_GCC_541\Debug\VOLTCANMASTER.a(UART_1.o)
 .ARM.attributes
                0x00000164       0x33 .\CortexM3\ARM_GCC_541\Debug\VOLTCANMASTER.a(AMux_1.o)
 .ARM.attributes
                0x00000197       0x33 .\CortexM3\ARM_GCC_541\Debug\VOLTCANMASTER.a(ADC_DelSig_1.o)
 .ARM.attributes
                0x000001ca       0x33 .\CortexM3\ARM_GCC_541\Debug\VOLTCANMASTER.a(ADC_DelSig_1_INT.o)
 .ARM.attributes
                0x000001fd       0x33 .\CortexM3\ARM_GCC_541\Debug\VOLTCANMASTER.a(CAN_1.o)
 .ARM.attributes
                0x00000230       0x33 .\CortexM3\ARM_GCC_541\Debug\VOLTCANMASTER.a(CAN_1_INT.o)
 .ARM.attributes
                0x00000263       0x33 .\CortexM3\ARM_GCC_541\Debug\VOLTCANMASTER.a(CAN_1_TX_RX_func.o)
 .ARM.attributes
                0x00000296       0x33 .\CortexM3\ARM_GCC_541\Debug\VOLTCANMASTER.a(UART_1_IntClock.o)
 .ARM.attributes
                0x000002c9       0x33 .\CortexM3\ARM_GCC_541\Debug\VOLTCANMASTER.a(ADC_DelSig_1_AMux.o)
 .ARM.attributes
                0x000002fc       0x33 .\CortexM3\ARM_GCC_541\Debug\VOLTCANMASTER.a(ADC_DelSig_1_Ext_CP_Clk.o)
 .ARM.attributes
                0x0000032f       0x33 .\CortexM3\ARM_GCC_541\Debug\VOLTCANMASTER.a(ADC_DelSig_1_theACLK.o)
 .ARM.attributes
                0x00000362       0x33 .\CortexM3\ARM_GCC_541\Debug\VOLTCANMASTER.a(CyLib.o)
 .ARM.attributes
                0x00000395       0x33 .\CortexM3\ARM_GCC_541\Debug\VOLTCANMASTER.a(cyPm.o)
 .ARM.attributes
                0x000003c8       0x21 .\CortexM3\ARM_GCC_541\Debug\VOLTCANMASTER.a(CyBootAsmGnu.o)
 .ARM.attributes
                0x000003e9       0x33 .\CortexM3\ARM_GCC_541\Debug\VOLTCANMASTER.a(CyFlash.o)
 .ARM.attributes
                0x0000041c       0x33 .\CortexM3\ARM_GCC_541\Debug\VOLTCANMASTER.a(CySpc.o)
 .ARM.attributes
                0x0000044f       0x1d c:/program files (x86)/cypress/psoc creator/4.4/psoc creator/import/gnu/arm/5.4.1/bin/../lib/gcc/arm-none-eabi/5.4.1/armv7-m\libgcc.a(_arm_addsubdf3.o)
 .ARM.attributes
                0x0000046c       0x1d c:/program files (x86)/cypress/psoc creator/4.4/psoc creator/import/gnu/arm/5.4.1/bin/../lib/gcc/arm-none-eabi/5.4.1/armv7-m\libgcc.a(_arm_cmpdf2.o)
 .ARM.attributes
                0x00000489       0x1d c:/program files (x86)/cypress/psoc creator/4.4/psoc creator/import/gnu/arm/5.4.1/bin/../lib/gcc/arm-none-eabi/5.4.1/armv7-m\libgcc.a(_arm_addsubsf3.o)
 .ARM.attributes
                0x000004a6       0x1d c:/program files (x86)/cypress/psoc creator/4.4/psoc creator/import/gnu/arm/5.4.1/bin/../lib/gcc/arm-none-eabi/5.4.1/armv7-m\libgcc.a(_arm_muldivsf3.o)
 .ARM.attributes
                0x000004c3       0x1d c:/program files (x86)/cypress/psoc creator/4.4/psoc creator/import/gnu/arm/5.4.1/bin/../lib/gcc/arm-none-eabi/5.4.1/armv7-m\libgcc.a(_arm_fixunssfsi.o)
 .ARM.attributes
                0x000004e0       0x2d c:/program files (x86)/cypress/psoc creator/4.4/psoc creator/import/gnu/arm/5.4.1/bin/../lib/gcc/arm-none-eabi/5.4.1/../../../../arm-none-eabi/lib/armv7-m\libg_nano.a(lib_a-errno.o)
 .ARM.attributes
                0x0000050d       0x2d c:/program files (x86)/cypress/psoc creator/4.4/psoc creator/import/gnu/arm/5.4.1/bin/../lib/gcc/arm-none-eabi/5.4.1/../../../../arm-none-eabi/lib/armv7-m\libg_nano.a(lib_a-exit.o)
 .ARM.attributes
                0x0000053a       0x2d c:/program files (x86)/cypress/psoc creator/4.4/psoc creator/import/gnu/arm/5.4.1/bin/../lib/gcc/arm-none-eabi/5.4.1/../../../../arm-none-eabi/lib/armv7-m\libg_nano.a(lib_a-impure.o)
 .ARM.attributes
                0x00000567       0x2d c:/program files (x86)/cypress/psoc creator/4.4/psoc creator/import/gnu/arm/5.4.1/bin/../lib/gcc/arm-none-eabi/5.4.1/../../../../arm-none-eabi/lib/armv7-m\libg_nano.a(lib_a-init.o)
 .ARM.attributes
                0x00000594       0x2d c:/program files (x86)/cypress/psoc creator/4.4/psoc creator/import/gnu/arm/5.4.1/bin/../lib/gcc/arm-none-eabi/5.4.1/../../../../arm-none-eabi/lib/armv7-m\libg_nano.a(lib_a-memcpy-stub.o)
 .ARM.attributes
                0x000005c1       0x2d c:/program files (x86)/cypress/psoc creator/4.4/psoc creator/import/gnu/arm/5.4.1/bin/../lib/gcc/arm-none-eabi/5.4.1/../../../../arm-none-eabi/lib/armv7-m\libg_nano.a(lib_a-memset.o)
 .ARM.attributes
                0x000005ee       0x2d c:/program files (x86)/cypress/psoc creator/4.4/psoc creator/import/gnu/arm/5.4.1/bin/../lib/gcc/arm-none-eabi/5.4.1/../../../../arm-none-eabi/lib/armv7-m\libg_nano.a(lib_a-sprintf.o)
 .ARM.attributes
                0x0000061b       0x2d c:/program files (x86)/cypress/psoc creator/4.4/psoc creator/import/gnu/arm/5.4.1/bin/../lib/gcc/arm-none-eabi/5.4.1/../../../../arm-none-eabi/lib/armv7-m\libg_nano.a(lib_a-nano-svfprintf.o)
 .ARM.attributes
                0x00000648       0x2d c:/program files (x86)/cypress/psoc creator/4.4/psoc creator/import/gnu/arm/5.4.1/bin/../lib/gcc/arm-none-eabi/5.4.1/../../../../arm-none-eabi/lib/armv7-m\libg_nano.a(lib_a-nano-vfprintf_i.o)
 .ARM.attributes
                0x00000675       0x2d c:/program files (x86)/cypress/psoc creator/4.4/psoc creator/import/gnu/arm/5.4.1/bin/../lib/gcc/arm-none-eabi/5.4.1/../../../../arm-none-eabi/lib/armv7-m\libg_nano.a(lib_a-memchr-stub.o)
 .ARM.attributes
                0x000006a2       0x2d c:/program files (x86)/cypress/psoc creator/4.4/psoc creator/import/gnu/arm/5.4.1/bin/../lib/gcc/arm-none-eabi/5.4.1/../../../../arm-none-eabi/lib/armv7-m\libg_nano.a(lib_a-memmove.o)
 .ARM.attributes
                0x000006cf       0x2d c:/program files (x86)/cypress/psoc creator/4.4/psoc creator/import/gnu/arm/5.4.1/bin/../lib/gcc/arm-none-eabi/5.4.1/../../../../arm-none-eabi/lib/armv7-m\libg_nano.a(lib_a-nano-freer.o)
 .ARM.attributes
                0x000006fc       0x2d c:/program files (x86)/cypress/psoc creator/4.4/psoc creator/import/gnu/arm/5.4.1/bin/../lib/gcc/arm-none-eabi/5.4.1/../../../../arm-none-eabi/lib/armv7-m\libg_nano.a(lib_a-nano-mallocr.o)
 .ARM.attributes
                0x00000729       0x2d c:/program files (x86)/cypress/psoc creator/4.4/psoc creator/import/gnu/arm/5.4.1/bin/../lib/gcc/arm-none-eabi/5.4.1/../../../../arm-none-eabi/lib/armv7-m\libg_nano.a(lib_a-nano-reallocr.o)
 .ARM.attributes
                0x00000756       0x2d c:/program files (x86)/cypress/psoc creator/4.4/psoc creator/import/gnu/arm/5.4.1/bin/../lib/gcc/arm-none-eabi/5.4.1/../../../../arm-none-eabi/lib/armv7-m\libg_nano.a(lib_a-sbrkr.o)
 .ARM.attributes
                0x00000783       0x2d c:/program files (x86)/cypress/psoc creator/4.4/psoc creator/import/gnu/arm/5.4.1/bin/../lib/gcc/arm-none-eabi/5.4.1/../../../../arm-none-eabi/lib/armv7-m\libg_nano.a(lib_a-mlock.o)
 .ARM.attributes
                0x000007b0       0x2d c:/program files (x86)/cypress/psoc creator/4.4/psoc creator/import/gnu/arm/5.4.1/bin/../lib/gcc/arm-none-eabi/5.4.1/../../../../arm-none-eabi/lib/armv7-m\libg_nano.a(lib_a-nano-msizer.o)
 .ARM.attributes
                0x000007dd       0x2d c:/program files (x86)/cypress/psoc creator/4.4/psoc creator/import/gnu/arm/5.4.1/bin/../lib/gcc/arm-none-eabi/5.4.1/../../../../arm-none-eabi/lib/armv7-m\libg_nano.a(lib_a-reent.o)
 .ARM.attributes
                0x0000080a       0x2d c:/program files (x86)/cypress/psoc creator/4.4/psoc creator/import/gnu/arm/5.4.1/bin/../lib/gcc/arm-none-eabi/5.4.1/armv7-m/crtend.o
 .ARM.attributes
                0x00000837       0x1d c:/program files (x86)/cypress/psoc creator/4.4/psoc creator/import/gnu/arm/5.4.1/bin/../lib/gcc/arm-none-eabi/5.4.1/armv7-m/crtn.o

/DISCARD/
 *(.note.GNU-stack)
OUTPUT(C:\Users\UniPrograms\Documents\PSoC Creator\MUR\VOLTCANMASTER.cydsn\CortexM3\ARM_GCC_541\Debug\VOLTCANMASTER.elf elf32-littlearm)
